// Vitest Snapshot v1, https://vitest.dev/guide/snapshot.html

exports[`ProgressBar > renders component 1`] = `
<DocumentFragment>
  <div
    class="_container_98c422"
    role="progressbar"
  >
    <div
      class="_bar_98c422"
      style="width: 0%;"
    >
      <div
        class="_value_98c422"
      />
    </div>
  </div>
</DocumentFragment>
`;
