// Vitest Snapshot v1, https://vitest.dev/guide/snapshot.html

exports[`Button > renders component 1`] = `
<DocumentFragment>
  <button
    class="_container_f8f296 _primary_f8f296 _medium_f8f296"
  />
</DocumentFragment>
`;
